2026-06-04 20:52:48,968 INFO gestion_transporte Usuario Kevin eliminó rutas 5
2026-06-05 10:32:30,973 INFO gestion_transporte Usuario Kevin creó conductores 16
2026-06-05 10:33:51,547 INFO gestion_transporte Usuario Kevin actualizó conductores 16
2026-06-05 10:36:35,115 INFO gestion_transporte Usuario Kevin creó estaciones 16
2026-06-05 10:37:53,304 INFO gestion_transporte Usuario Kevin actualizó estaciones 16
2026-06-05 10:39:44,811 INFO gestion_transporte Usuario Kevin creó pasajeros 16
2026-06-05 10:40:53,250 INFO gestion_transporte Usuario Kevin actualizó pasajeros 16
2026-06-05 10:42:36,620 INFO gestion_transporte Usuario Kevin creó vehiculos 16
2026-06-05 10:43:32,053 INFO gestion_transporte Usuario Kevin actualizó vehiculos 16
2026-06-05 10:47:46,593 INFO gestion_transporte Usuario Kevin creó rutas 16
2026-06-05 10:50:57,715 INFO gestion_transporte Usuario Kevin actualizó rutas 16
2026-06-05 10:54:38,398 INFO gestion_transporte Usuario Kevin creó licencia 17
2026-06-05 10:56:51,654 INFO gestion_transporte Usuario Kevin actualizó licencia 17
2026-06-05 10:58:37,392 INFO gestion_transporte Usuario Kevin creó documentos 16
2026-06-05 10:59:47,213 INFO gestion_transporte Usuario Kevin actualizó documentos 16
2026-06-05 11:04:47,546 INFO gestion_transporte Usuario Kevin creó boletos 16
2026-06-05 11:07:11,052 INFO gestion_transporte Usuario Kevin creó viajes 16
2026-06-05 11:14:07,997 INFO gestion_transporte Usuario Kevin actualizó viajes 16
2026-06-05 11:15:25,889 INFO gestion_transporte Usuario Kevin actualizó boletos 16
2026-06-05 11:16:53,460 INFO gestion_transporte Usuario Kevin creó mantenimientos 16
2026-06-05 11:17:42,635 INFO gestion_transporte Usuario Kevin actualizó mantenimientos 16
2026-06-05 11:19:24,368 INFO gestion_transporte Usuario Kevin eliminó boletos 16
2026-06-05 11:20:53,011 INFO gestion_transporte Usuario Kevin eliminó conductores 16
2026-06-05 11:21:15,811 INFO gestion_transporte Usuario Kevin eliminó documentos 16
2026-06-05 11:22:36,432 INFO gestion_transporte Usuario Kevin eliminó estaciones 16
2026-06-05 11:23:52,432 INFO gestion_transporte Usuario Kevin eliminó licencia 17
2026-06-05 11:24:14,893 INFO gestion_transporte Usuario Kevin eliminó mantenimientos 16
2026-06-05 11:24:36,522 INFO gestion_transporte Usuario Kevin eliminó pasajeros 16
2026-06-05 11:25:09,691 INFO gestion_transporte Usuario Kevin eliminó rutas 16
2026-06-05 11:25:28,135 INFO gestion_transporte Usuario Kevin eliminó vehiculos 16
2026-06-05 11:25:49,772 INFO gestion_transporte Usuario Kevin eliminó viajes 16
2026-06-05 11:26:37,225 INFO gestion_transporte Usuario Kevin eliminó viajes 16
2026-06-05 13:24:56,997 INFO gestion_transporte Usuario Kevin creó conductores 17
2026-06-05 13:25:18,746 INFO gestion_transporte Usuario Kevin creó conductores 18
2026-06-05 13:27:42,477 INFO gestion_transporte Usuario Kevin creó conductores 19
